ling30-flash-q5km 1/266 gsm8k OK elapsed=2s
ling30-flash-q5km 2/266 gsm8k OK elapsed=9s
ling30-flash-q5km 3/266 gsm8k OK elapsed=15s
ling30-flash-q5km 4/266 gsm8k OK elapsed=38s
ling30-flash-q5km 5/266 gsm8k OK elapsed=44s
ling30-flash-q5km 6/266 gsm8k OK elapsed=47s
ling30-flash-q5km 7/266 gsm8k OK elapsed=68s
ling30-flash-q5km 8/266 gsm8k OK elapsed=70s
ling30-flash-q5km 9/266 gsm8k OK elapsed=73s
ling30-flash-q5km 10/266 gsm8k OK elapsed=77s
ling30-flash-q5km 11/266 gsm8k OK elapsed=82s
ling30-flash-q5km 12/266 gsm8k OK elapsed=87s
ling30-flash-q5km 13/266 gsm8k OK elapsed=90s
ling30-flash-q5km 14/266 gsm8k OK elapsed=99s
ling30-flash-q5km 15/266 gsm8k OK elapsed=105s
ling30-flash-q5km 16/266 gsm8k OK elapsed=109s
ling30-flash-q5km 17/266 gsm8k OK elapsed=112s
ling30-flash-q5km 18/266 gsm8k OK elapsed=126s
ling30-flash-q5km 19/266 gsm8k OK elapsed=133s
ling30-flash-q5km 20/266 gsm8k OK elapsed=135s
ling30-flash-q5km 21/266 gsm8k OK elapsed=146s
ling30-flash-q5km 22/266 gsm8k OK elapsed=150s
ling30-flash-q5km 23/266 gsm8k OK elapsed=157s
ling30-flash-q5km 24/266 gsm8k OK elapsed=178s
ling30-flash-q5km 25/266 gsm8k OK elapsed=181s
ling30-flash-q5km 26/266 gsm8k FAIL elapsed=213s
ling30-flash-q5km 27/266 gsm8k OK elapsed=226s
ling30-flash-q5km 28/266 gsm8k OK elapsed=228s
ling30-flash-q5km 29/266 gsm8k OK elapsed=231s
ling30-flash-q5km 30/266 gsm8k OK elapsed=248s
ling30-flash-q5km 31/266 gsm8k OK elapsed=251s
ling30-flash-q5km 32/266 gsm8k FAIL elapsed=270s
ling30-flash-q5km 33/266 gsm8k OK elapsed=273s
ling30-flash-q5km 34/266 gsm8k OK elapsed=275s
ling30-flash-q5km 35/266 gsm8k OK elapsed=296s
ling30-flash-q5km 36/266 gsm8k OK elapsed=305s
ling30-flash-q5km 37/266 gsm8k OK elapsed=322s
ling30-flash-q5km 38/266 gsm8k OK elapsed=324s
ling30-flash-q5km 39/266 gsm8k FAIL elapsed=357s
ling30-flash-q5km 40/266 gsm8k OK elapsed=379s
ling30-flash-q5km 41/266 gsm8k OK elapsed=387s
ling30-flash-q5km 42/266 gsm8k OK elapsed=391s
ling30-flash-q5km 43/266 gsm8k OK elapsed=415s
ling30-flash-q5km 44/266 gsm8k OK elapsed=420s
ling30-flash-q5km 45/266 gsm8k OK elapsed=425s
ling30-flash-q5km 46/266 gsm8k OK elapsed=440s
ling30-flash-q5km 47/266 gsm8k OK elapsed=452s
ling30-flash-q5km 48/266 gsm8k OK elapsed=470s
ling30-flash-q5km 49/266 gsm8k OK elapsed=474s
ling30-flash-q5km 50/266 gsm8k OK elapsed=476s
ling30-flash-q5km 51/266 gsm8k OK elapsed=489s
ling30-flash-q5km 52/266 gsm8k OK elapsed=496s
ling30-flash-q5km 53/266 gsm8k OK elapsed=503s
ling30-flash-q5km 54/266 gsm8k OK elapsed=521s
ling30-flash-q5km 55/266 gsm8k OK elapsed=524s
ling30-flash-q5km 56/266 gsm8k OK elapsed=538s
ling30-flash-q5km 57/266 gsm8k OK elapsed=541s
ling30-flash-q5km 58/266 gsm8k OK elapsed=543s
ling30-flash-q5km 59/266 gsm8k FAIL elapsed=575s
ling30-flash-q5km 60/266 gsm8k OK elapsed=578s
ling30-flash-q5km 61/266 gsm8k OK elapsed=590s
ling30-flash-q5km 62/266 gsm8k OK elapsed=597s
ling30-flash-q5km 63/266 gsm8k OK elapsed=609s
ling30-flash-q5km 64/266 gsm8k OK elapsed=615s
ling30-flash-q5km 65/266 gsm8k OK elapsed=620s
ling30-flash-q5km 66/266 gsm8k OK elapsed=639s
ling30-flash-q5km 67/266 gsm8k OK elapsed=650s
ling30-flash-q5km 68/266 gsm8k OK elapsed=677s
ling30-flash-q5km 69/266 gsm8k OK elapsed=681s
ling30-flash-q5km 70/266 gsm8k OK elapsed=689s
ling30-flash-q5km 71/266 gsm8k OK elapsed=708s
ling30-flash-q5km 72/266 gsm8k OK elapsed=723s
ling30-flash-q5km 73/266 gsm8k OK elapsed=736s
ling30-flash-q5km 74/266 gsm8k OK elapsed=740s
ling30-flash-q5km 75/266 gsm8k FAIL elapsed=743s
ling30-flash-q5km 76/266 gsm8k OK elapsed=745s
ling30-flash-q5km 77/266 gsm8k OK elapsed=770s
ling30-flash-q5km 78/266 gsm8k OK elapsed=795s
ling30-flash-q5km 79/266 gsm8k OK elapsed=804s
ling30-flash-q5km 80/266 gsm8k OK elapsed=807s
ling30-flash-q5km 81/266 gsm8k OK elapsed=811s
ling30-flash-q5km 82/266 gsm8k OK elapsed=817s
ling30-flash-q5km 83/266 gsm8k OK elapsed=825s
ling30-flash-q5km 84/266 gsm8k OK elapsed=837s
ling30-flash-q5km 85/266 gsm8k OK elapsed=841s
ling30-flash-q5km 86/266 gsm8k FAIL elapsed=873s
ling30-flash-q5km 87/266 gsm8k OK elapsed=877s
ling30-flash-q5km 88/266 gsm8k OK elapsed=891s
ling30-flash-q5km 89/266 gsm8k OK elapsed=894s
ling30-flash-q5km 90/266 gsm8k OK elapsed=897s
ling30-flash-q5km 91/266 gsm8k OK elapsed=900s
ling30-flash-q5km 92/266 gsm8k FAIL elapsed=932s
ling30-flash-q5km 93/266 gsm8k OK elapsed=949s
ling30-flash-q5km 94/266 gsm8k OK elapsed=952s
ling30-flash-q5km 95/266 gsm8k OK elapsed=964s
ling30-flash-q5km 96/266 gsm8k OK elapsed=978s
ling30-flash-q5km 97/266 gsm8k OK elapsed=983s
ling30-flash-q5km 98/266 gsm8k OK elapsed=993s
ling30-flash-q5km 99/266 gsm8k OK elapsed=998s
ling30-flash-q5km 100/266 gsm8k OK elapsed=1008s
ling30-flash-q5km 101/266 arc_challenge OK elapsed=1017s
ling30-flash-q5km 102/266 arc_challenge OK elapsed=1023s
ling30-flash-q5km 103/266 arc_challenge OK elapsed=1027s
ling30-flash-q5km 104/266 arc_challenge OK elapsed=1031s
ling30-flash-q5km 105/266 arc_challenge OK elapsed=1032s
ling30-flash-q5km 106/266 arc_challenge OK elapsed=1036s
ling30-flash-q5km 107/266 arc_challenge OK elapsed=1038s
ling30-flash-q5km 108/266 arc_challenge OK elapsed=1043s
ling30-flash-q5km 109/266 arc_challenge OK elapsed=1052s
ling30-flash-q5km 110/266 arc_challenge OK elapsed=1054s
ling30-flash-q5km 111/266 arc_challenge OK elapsed=1057s
ling30-flash-q5km 112/266 arc_challenge OK elapsed=1058s
ling30-flash-q5km 113/266 arc_challenge OK elapsed=1066s
ling30-flash-q5km 114/266 arc_challenge FAIL elapsed=1090s
ling30-flash-q5km 115/266 arc_challenge OK elapsed=1096s
ling30-flash-q5km 116/266 arc_challenge OK elapsed=1099s
ling30-flash-q5km 117/266 arc_challenge OK elapsed=1100s
ling30-flash-q5km 118/266 arc_challenge OK elapsed=1103s
ling30-flash-q5km 119/266 arc_challenge OK elapsed=1108s
ling30-flash-q5km 120/266 arc_challenge OK elapsed=1113s
ling30-flash-q5km 121/266 arc_challenge OK elapsed=1116s
ling30-flash-q5km 122/266 arc_challenge OK elapsed=1119s
ling30-flash-q5km 123/266 arc_challenge OK elapsed=1121s
ling30-flash-q5km 124/266 arc_challenge OK elapsed=1124s
ling30-flash-q5km 125/266 arc_challenge OK elapsed=1127s
ling30-flash-q5km 126/266 arc_challenge OK elapsed=1134s
ling30-flash-q5km 127/266 arc_challenge OK elapsed=1138s
ling30-flash-q5km 128/266 arc_challenge OK elapsed=1139s
ling30-flash-q5km 129/266 arc_challenge OK elapsed=1143s
ling30-flash-q5km 130/266 arc_challenge FAIL elapsed=1146s
ling30-flash-q5km 131/266 arc_challenge FAIL elapsed=1148s
ling30-flash-q5km 132/266 arc_challenge OK elapsed=1150s
ling30-flash-q5km 133/266 arc_challenge OK elapsed=1155s
ling30-flash-q5km 134/266 arc_challenge OK elapsed=1158s
ling30-flash-q5km 135/266 arc_challenge OK elapsed=1169s
ling30-flash-q5km 136/266 arc_challenge OK elapsed=1170s
ling30-flash-q5km 137/266 arc_challenge OK elapsed=1177s
ling30-flash-q5km 138/266 arc_challenge OK elapsed=1187s
ling30-flash-q5km 139/266 arc_challenge OK elapsed=1192s
ling30-flash-q5km 140/266 arc_challenge OK elapsed=1194s
ling30-flash-q5km 141/266 arc_challenge OK elapsed=1197s
ling30-flash-q5km 142/266 arc_challenge FAIL elapsed=1204s
ling30-flash-q5km 143/266 arc_challenge OK elapsed=1210s
ling30-flash-q5km 144/266 arc_challenge OK elapsed=1211s
ling30-flash-q5km 145/266 arc_challenge OK elapsed=1217s
ling30-flash-q5km 146/266 arc_challenge OK elapsed=1220s
ling30-flash-q5km 147/266 arc_challenge OK elapsed=1222s
ling30-flash-q5km 148/266 arc_challenge OK elapsed=1228s
ling30-flash-q5km 149/266 arc_challenge OK elapsed=1229s
ling30-flash-q5km 150/266 arc_challenge OK elapsed=1231s
ling30-flash-q5km 151/266 arc_challenge OK elapsed=1234s
ling30-flash-q5km 152/266 arc_challenge OK elapsed=1236s
ling30-flash-q5km 153/266 arc_challenge OK elapsed=1238s
ling30-flash-q5km 154/266 arc_challenge OK elapsed=1239s
ling30-flash-q5km 155/266 arc_challenge OK elapsed=1241s
ling30-flash-q5km 156/266 arc_challenge OK elapsed=1252s
ling30-flash-q5km 157/266 arc_challenge OK elapsed=1257s
ling30-flash-q5km 158/266 arc_challenge OK elapsed=1262s
ling30-flash-q5km 159/266 arc_challenge OK elapsed=1264s
ling30-flash-q5km 160/266 arc_challenge OK elapsed=1268s
ling30-flash-q5km 161/266 arc_challenge OK elapsed=1270s
ling30-flash-q5km 162/266 arc_challenge OK elapsed=1277s
ling30-flash-q5km 163/266 arc_challenge OK elapsed=1281s
ling30-flash-q5km 164/266 arc_challenge OK elapsed=1300s
ling30-flash-q5km 165/266 arc_challenge OK elapsed=1304s
ling30-flash-q5km 166/266 arc_challenge OK elapsed=1306s
ling30-flash-q5km 167/266 arc_challenge OK elapsed=1308s
ling30-flash-q5km 168/266 arc_challenge FAIL elapsed=1332s
ling30-flash-q5km 169/266 arc_challenge OK elapsed=1340s
ling30-flash-q5km 170/266 arc_challenge OK elapsed=1347s
ling30-flash-q5km 171/266 arc_challenge OK elapsed=1349s
ling30-flash-q5km 172/266 arc_challenge OK elapsed=1354s
ling30-flash-q5km 173/266 arc_challenge OK elapsed=1359s
ling30-flash-q5km 174/266 arc_challenge FAIL elapsed=1383s
ling30-flash-q5km 175/266 arc_challenge OK elapsed=1392s
ling30-flash-q5km 176/266 arc_challenge OK elapsed=1394s
ling30-flash-q5km 177/266 arc_challenge OK elapsed=1401s
ling30-flash-q5km 178/266 arc_challenge OK elapsed=1403s
ling30-flash-q5km 179/266 arc_challenge OK elapsed=1405s
ling30-flash-q5km 180/266 arc_challenge OK elapsed=1407s
ling30-flash-q5km 181/266 arc_challenge OK elapsed=1411s
ling30-flash-q5km 182/266 arc_challenge OK elapsed=1415s
ling30-flash-q5km 183/266 arc_challenge OK elapsed=1420s
ling30-flash-q5km 184/266 arc_challenge FAIL elapsed=1444s
ling30-flash-q5km 185/266 arc_challenge OK elapsed=1448s
ling30-flash-q5km 186/266 arc_challenge OK elapsed=1453s
ling30-flash-q5km 187/266 arc_challenge OK elapsed=1456s
ling30-flash-q5km 188/266 arc_challenge OK elapsed=1465s
ling30-flash-q5km 189/266 arc_challenge OK elapsed=1468s
ling30-flash-q5km 190/266 arc_challenge OK elapsed=1471s
ling30-flash-q5km 191/266 arc_challenge OK elapsed=1473s
ling30-flash-q5km 192/266 arc_challenge OK elapsed=1476s
ling30-flash-q5km 193/266 arc_challenge OK elapsed=1483s
ling30-flash-q5km 194/266 arc_challenge OK elapsed=1485s
ling30-flash-q5km 195/266 arc_challenge OK elapsed=1498s
ling30-flash-q5km 196/266 arc_challenge OK elapsed=1500s
ling30-flash-q5km 197/266 arc_challenge OK elapsed=1501s
ling30-flash-q5km 198/266 arc_challenge OK elapsed=1503s
ling30-flash-q5km 199/266 arc_challenge FAIL elapsed=1527s
ling30-flash-q5km 200/266 arc_challenge OK elapsed=1530s
ling30-flash-q5km 201/266 mmlu OK elapsed=1538s
ling30-flash-q5km 202/266 mmlu OK elapsed=1545s
ling30-flash-q5km 203/266 mmlu OK elapsed=1553s
ling30-flash-q5km 204/266 mmlu OK elapsed=1561s
ling30-flash-q5km 205/266 mmlu FAIL elapsed=1585s
ling30-flash-q5km 206/266 mmlu FAIL elapsed=1609s
ling30-flash-q5km 207/266 mmlu OK elapsed=1632s
ling30-flash-q5km 208/266 mmlu FAIL elapsed=1656s
ling30-flash-q5km 209/266 mmlu OK elapsed=1671s
ling30-flash-q5km 210/266 mmlu OK elapsed=1674s
ling30-flash-q5km 211/266 mmlu OK elapsed=1688s
ling30-flash-q5km 212/266 mmlu FAIL elapsed=1712s
ling30-flash-q5km 213/266 mmlu FAIL elapsed=1736s
ling30-flash-q5km 214/266 mmlu OK elapsed=1743s
ling30-flash-q5km 215/266 mmlu OK elapsed=1766s
ling30-flash-q5km 216/266 mmlu OK elapsed=1770s
ling30-flash-q5km 217/266 mmlu FAIL elapsed=1794s
ling30-flash-q5km 218/266 mmlu OK elapsed=1800s
ling30-flash-q5km 219/266 mmlu OK elapsed=1818s
ling30-flash-q5km 220/266 mmlu OK elapsed=1825s
ling30-flash-q5km 221/266 mmlu OK elapsed=1827s
ling30-flash-q5km 222/266 mmlu OK elapsed=1830s
ling30-flash-q5km 223/266 mmlu OK elapsed=1837s
ling30-flash-q5km 224/266 mmlu OK elapsed=1842s
ling30-flash-q5km 225/266 mmlu OK elapsed=1852s
ling30-flash-q5km 226/266 mmlu OK elapsed=1865s
ling30-flash-q5km 227/266 mmlu OK elapsed=1870s
ling30-flash-q5km 228/266 mmlu FAIL elapsed=1874s
ling30-flash-q5km 229/266 mmlu OK elapsed=1886s
ling30-flash-q5km 230/266 mmlu OK elapsed=1890s
ling30-flash-q5km 231/266 mmlu OK elapsed=1894s
ling30-flash-q5km 232/266 mmlu OK elapsed=1901s
ling30-flash-q5km 233/266 mmlu OK elapsed=1916s
ling30-flash-q5km 234/266 mmlu FAIL elapsed=1940s
ling30-flash-q5km 235/266 mmlu OK elapsed=1958s
ling30-flash-q5km 236/266 mmlu OK elapsed=1963s
ling30-flash-q5km 237/266 mmlu OK elapsed=1968s
ling30-flash-q5km 238/266 mmlu OK elapsed=1977s
ling30-flash-q5km 239/266 mmlu OK elapsed=1989s
ling30-flash-q5km 240/266 mmlu OK elapsed=1996s
ling30-flash-q5km 241/266 mmlu OK elapsed=2003s
ling30-flash-q5km 242/266 mmlu FAIL elapsed=2022s
ling30-flash-q5km 243/266 mmlu OK elapsed=2025s
ling30-flash-q5km 244/266 mmlu OK elapsed=2028s
ling30-flash-q5km 245/266 mmlu OK elapsed=2031s
ling30-flash-q5km 246/266 mmlu OK elapsed=2055s
ling30-flash-q5km 247/266 mmlu OK elapsed=2060s
ling30-flash-q5km 248/266 mmlu OK elapsed=2067s
ling30-flash-q5km 249/266 mmlu OK elapsed=2072s
ling30-flash-q5km 250/266 mmlu OK elapsed=2076s
ling30-flash-q5km 251/266 instruction_json OK elapsed=2079s
ling30-flash-q5km 252/266 instruction_json OK elapsed=2086s
ling30-flash-q5km 253/266 instruction_json OK elapsed=2090s
ling30-flash-q5km 254/266 instruction_json OK elapsed=2094s
ling30-flash-q5km 255/266 instruction_json FAIL elapsed=2102s
ling30-flash-q5km 256/266 instruction_json OK elapsed=2105s
ling30-flash-q5km 257/266 instruction_json OK elapsed=2110s
ling30-flash-q5km 258/266 instruction_json OK elapsed=2115s
ling30-flash-q5km 259/266 instruction_json FAIL elapsed=2123s
ling30-flash-q5km 260/266 instruction_json OK elapsed=2131s
ling30-flash-q5km 261/266 instruction_json FAIL elapsed=2139s
ling30-flash-q5km 262/266 instruction_json FAIL elapsed=2147s
ling30-flash-q5km 263/266 long_context_16k OK elapsed=2267s
ling30-flash-q5km 264/266 long_context_64k OK elapsed=2478s
ling30-flash-q5km 265/266 long_context_128k OK elapsed=3127s
ling30-flash-q5km 266/266 long_context_180k FAIL elapsed=6015s
{"total": 266, "correct": 237, "by_category": {"arc_challenge": {"total": 100, "correct": 92, "accuracy": 0.92, "errors": 0, "scored": 100, "accuracy_excluding_errors": 0.92, "truncated": 5, "median_prefill_tps": 279.44496272123, "median_decode_tps": 32.3665987543954, "median_elapsed_seconds": 3.3662373759725597}, "gsm8k": {"total": 100, "correct": 93, "accuracy": 0.93, "errors": 0, "scored": 100, "accuracy_excluding_errors": 0.93, "truncated": 5, "median_prefill_tps": 277.8846715357689, "median_decode_tps": 32.506003878545044, "median_elapsed_seconds": 6.697295113001019}, "instruction_json": {"total": 12, "correct": 8, "accuracy": 0.6666666666666666, "errors": 0, "scored": 12, "accuracy_excluding_errors": 0.6666666666666666, "truncated": 4, "median_prefill_tps": 195.42985323960832, "median_decode_tps": 32.74167544143383, "median_elapsed_seconds": 5.56823993899161}, "long_context_128k": {"total": 1, "correct": 1, "accuracy": 1.0, "errors": 0, "scored": 1, "accuracy_excluding_errors": 1.0, "truncated": 0, "median_prefill_tps": 188.1199670134346, "median_decode_tps": 2.721089557241623, "median_elapsed_seconds": 649.6907203249866}, "long_context_16k": {"total": 1, "correct": 1, "accuracy": 1.0, "errors": 0, "scored": 1, "accuracy_excluding_errors": 1.0, "truncated": 0, "median_prefill_tps": 542.1855311090678, "median_decode_tps": 19.143833441405448, "median_elapsed_seconds": 119.77369609795278}, "long_context_180k": {"total": 1, "correct": 0, "accuracy": 0.0, "errors": 1, "scored": 0, "accuracy_excluding_errors": null, "truncated": 0, "median_prefill_tps": null, "median_decode_tps": null, "median_elapsed_seconds": 2887.8247270149877}, "long_context_64k": {"total": 1, "correct": 1, "accuracy": 1.0, "errors": 0, "scored": 1, "accuracy_excluding_errors": 1.0, "truncated": 0, "median_prefill_tps": 303.4165026190444, "median_decode_tps": 4.974999148623658, "median_elapsed_seconds": 210.98035900300601}, "mmlu": {"total": 50, "correct": 41, "accuracy": 0.82, "errors": 0, "scored": 50, "accuracy_excluding_errors": 0.82, "truncated": 7, "median_prefill_tps": 358.89709336443354, "median_decode_tps": 32.38448215800811, "median_elapsed_seconds": 7.583930438471725}}, "accuracy": 0.8909774436090225, "errors": 1, "scored": 265, "accuracy_excluding_errors": 0.8943396226415095, "truncated": 21, "answer_empty": 19, "wrong_and_truncated": 21, "wrong_and_complete": 7, "median_prefill_tps": 279.6364052908555, "median_decode_tps": 32.44303694227867, "model": "ling-30-flash-q5km", "label": "ling30-flash-q5km", "elapsed_seconds": 6015.320890119008, "run_identity": {"schema_version": 1, "profile": "expanded", "fixtures_sha256": "a1af6fbf99a8c88dc4b3ffc4762f448f44f113bf9101fd8a996c69725956d864", "selection_sha256": "a1af6fbf99a8c88dc4b3ffc4762f448f44f113bf9101fd8a996c69725956d864", "case_ids": ["gsm8k_000", "gsm8k_001", "gsm8k_002", "gsm8k_003", "gsm8k_004", "gsm8k_005", "gsm8k_006", "gsm8k_007", "gsm8k_008", "gsm8k_009", "gsm8k_010", "gsm8k_011", "gsm8k_012", "gsm8k_013", "gsm8k_014", "gsm8k_015", "gsm8k_016", "gsm8k_017", "gsm8k_018", "gsm8k_019", "gsm8k_020", "gsm8k_021", "gsm8k_022", "gsm8k_023", "gsm8k_024", "gsm8k_025", "gsm8k_026", "gsm8k_027", "gsm8k_028", "gsm8k_029", "gsm8k_030", "gsm8k_031", "gsm8k_032", "gsm8k_033", "gsm8k_034", "gsm8k_035", "gsm8k_036", "gsm8k_037", "gsm8k_038", "gsm8k_039", "gsm8k_040", "gsm8k_041", "gsm8k_042", "gsm8k_043", "gsm8k_044", "gsm8k_045", "gsm8k_046", "gsm8k_047", "gsm8k_048", "gsm8k_049", "gsm8k_050", "gsm8k_051", "gsm8k_052", "gsm8k_053", "gsm8k_054", "gsm8k_055", "gsm8k_056", "gsm8k_057", "gsm8k_058", "gsm8k_059", "gsm8k_060", "gsm8k_061", "gsm8k_062", "gsm8k_063", "gsm8k_064", "gsm8k_065", "gsm8k_066", "gsm8k_067", "gsm8k_068", "gsm8k_069", "gsm8k_070", "gsm8k_071", "gsm8k_072", "gsm8k_073", "gsm8k_074", "gsm8k_075", "gsm8k_076", "gsm8k_077", "gsm8k_078", "gsm8k_079", "gsm8k_080", "gsm8k_081", "gsm8k_082", "gsm8k_083", "gsm8k_084", "gsm8k_085", "gsm8k_086", "gsm8k_087", "gsm8k_088", "gsm8k_089", "gsm8k_090", "gsm8k_091", "gsm8k_092", "gsm8k_093", "gsm8k_094", "gsm8k_095", "gsm8k_096", "gsm8k_097", "gsm8k_098", "gsm8k_099", "arc_000", "arc_001", "arc_002", "arc_003", "arc_004", "arc_005", "arc_006", "arc_007", "arc_008", "arc_009", "arc_010", "arc_011", "arc_012", "arc_013", "arc_014", "arc_015", "arc_016", "arc_017", "arc_018", "arc_019", "arc_020", "arc_021", "arc_022", "arc_023", "arc_024", "arc_025", "arc_026", "arc_027", "arc_028", "arc_029", "arc_030", "arc_031", "arc_032", "arc_033", "arc_034", "arc_035", "arc_036", "arc_037", "arc_038", "arc_039", "arc_040", "arc_041", "arc_042", "arc_043", "arc_044", "arc_045", "arc_046", "arc_047", "arc_048", "arc_049", "arc_050", "arc_051", "arc_052", "arc_053", "arc_054", "arc_055", "arc_056", "arc_057", "arc_058", "arc_059", "arc_060", "arc_061", "arc_062", "arc_063", "arc_064", "arc_065", "arc_066", "arc_067", "arc_068", "arc_069", "arc_070", "arc_071", "arc_072", "arc_073", "arc_074", "arc_075", "arc_076", "arc_077", "arc_078", "arc_079", "arc_080", "arc_081", "arc_082", "arc_083", "arc_084", "arc_085", "arc_086", "arc_087", "arc_088", "arc_089", "arc_090", "arc_091", "arc_092", "arc_093", "arc_094", "arc_095", "arc_096", "arc_097", "arc_098", "arc_099", "mmlu_college_computer_science_00", "mmlu_college_computer_science_01", "mmlu_college_computer_science_02", "mmlu_college_computer_science_03", "mmlu_college_computer_science_04", "mmlu_college_computer_science_05", "mmlu_college_computer_science_06", "mmlu_college_computer_science_07", "mmlu_college_computer_science_08", "mmlu_college_computer_science_09", "mmlu_high_school_mathematics_00", "mmlu_high_school_mathematics_01", "mmlu_high_school_mathematics_02", "mmlu_high_school_mathematics_03", "mmlu_high_school_mathematics_04", "mmlu_high_school_mathematics_05", "mmlu_high_school_mathematics_06", "mmlu_high_school_mathematics_07", "mmlu_high_school_mathematics_08", "mmlu_high_school_mathematics_09", "mmlu_logical_fallacies_00", "mmlu_logical_fallacies_01", "mmlu_logical_fallacies_02", "mmlu_logical_fallacies_03", "mmlu_logical_fallacies_04", "mmlu_logical_fallacies_05", "mmlu_logical_fallacies_06", "mmlu_logical_fallacies_07", "mmlu_logical_fallacies_08", "mmlu_logical_fallacies_09", "mmlu_professional_medicine_00", "mmlu_professional_medicine_01", "mmlu_professional_medicine_02", "mmlu_professional_medicine_03", "mmlu_professional_medicine_04", "mmlu_professional_medicine_05", "mmlu_professional_medicine_06", "mmlu_professional_medicine_07", "mmlu_professional_medicine_08", "mmlu_professional_medicine_09", "mmlu_high_school_world_history_00", "mmlu_high_school_world_history_01", "mmlu_high_school_world_history_02", "mmlu_high_school_world_history_03", "mmlu_high_school_world_history_04", "mmlu_high_school_world_history_05", "mmlu_high_school_world_history_06", "mmlu_high_school_world_history_07", "mmlu_high_school_world_history_08", "mmlu_high_school_world_history_09", "if_01", "if_02", "if_03", "if_04", "if_05", "if_06", "if_07", "if_08", "if_09", "if_10", "if_11", "if_12", "needle_16k", "needle_64k", "needle_128k", "needle_180k"], "request_options": {"temperature": 0, "top_p": 1, "seed": 20260926, "reasoning_effort": "medium", "concurrency": 1, "system_sha256": "0dbe0ad3e7e2fc9d01082ca5096345546a0074157d071e07b07aa8fb012d1563"}}}
