nohup: ignoring input
ornith-1.5-35b-a3b-rocmfp4-strix-lean 1/266 gsm8k OK elapsed=2s
ornith-1.5-35b-a3b-rocmfp4-strix-lean 2/266 gsm8k OK elapsed=9s
ornith-1.5-35b-a3b-rocmfp4-strix-lean 3/266 gsm8k OK elapsed=12s
ornith-1.5-35b-a3b-rocmfp4-strix-lean 4/266 gsm8k OK elapsed=17s
ornith-1.5-35b-a3b-rocmfp4-strix-lean 5/266 gsm8k OK elapsed=20s
ornith-1.5-35b-a3b-rocmfp4-strix-lean 6/266 gsm8k OK elapsed=22s
ornith-1.5-35b-a3b-rocmfp4-strix-lean 7/266 gsm8k OK elapsed=27s
ornith-1.5-35b-a3b-rocmfp4-strix-lean 8/266 gsm8k OK elapsed=29s
ornith-1.5-35b-a3b-rocmfp4-strix-lean 9/266 gsm8k OK elapsed=33s
ornith-1.5-35b-a3b-rocmfp4-strix-lean 10/266 gsm8k OK elapsed=35s
ornith-1.5-35b-a3b-rocmfp4-strix-lean 11/266 gsm8k OK elapsed=37s
ornith-1.5-35b-a3b-rocmfp4-strix-lean 12/266 gsm8k OK elapsed=41s
ornith-1.5-35b-a3b-rocmfp4-strix-lean 13/266 gsm8k OK elapsed=43s
ornith-1.5-35b-a3b-rocmfp4-strix-lean 14/266 gsm8k OK elapsed=46s
ornith-1.5-35b-a3b-rocmfp4-strix-lean 15/266 gsm8k FAIL elapsed=52s
ornith-1.5-35b-a3b-rocmfp4-strix-lean 16/266 gsm8k OK elapsed=55s
ornith-1.5-35b-a3b-rocmfp4-strix-lean 17/266 gsm8k OK elapsed=57s
ornith-1.5-35b-a3b-rocmfp4-strix-lean 18/266 gsm8k OK elapsed=59s
ornith-1.5-35b-a3b-rocmfp4-strix-lean 19/266 gsm8k FAIL elapsed=65s
ornith-1.5-35b-a3b-rocmfp4-strix-lean 20/266 gsm8k OK elapsed=66s
ornith-1.5-35b-a3b-rocmfp4-strix-lean 21/266 gsm8k OK elapsed=69s
ornith-1.5-35b-a3b-rocmfp4-strix-lean 22/266 gsm8k OK elapsed=73s
ornith-1.5-35b-a3b-rocmfp4-strix-lean 23/266 gsm8k OK elapsed=76s
ornith-1.5-35b-a3b-rocmfp4-strix-lean 24/266 gsm8k OK elapsed=82s
ornith-1.5-35b-a3b-rocmfp4-strix-lean 25/266 gsm8k OK elapsed=83s
ornith-1.5-35b-a3b-rocmfp4-strix-lean 26/266 gsm8k OK elapsed=88s
ornith-1.5-35b-a3b-rocmfp4-strix-lean 27/266 gsm8k OK elapsed=91s
ornith-1.5-35b-a3b-rocmfp4-strix-lean 28/266 gsm8k OK elapsed=94s
ornith-1.5-35b-a3b-rocmfp4-strix-lean 29/266 gsm8k OK elapsed=97s
ornith-1.5-35b-a3b-rocmfp4-strix-lean 30/266 gsm8k OK elapsed=100s
ornith-1.5-35b-a3b-rocmfp4-strix-lean 31/266 gsm8k OK elapsed=102s
ornith-1.5-35b-a3b-rocmfp4-strix-lean 32/266 gsm8k FAIL elapsed=109s
ornith-1.5-35b-a3b-rocmfp4-strix-lean 33/266 gsm8k OK elapsed=113s
ornith-1.5-35b-a3b-rocmfp4-strix-lean 34/266 gsm8k OK elapsed=116s
ornith-1.5-35b-a3b-rocmfp4-strix-lean 35/266 gsm8k OK elapsed=119s
ornith-1.5-35b-a3b-rocmfp4-strix-lean 36/266 gsm8k OK elapsed=122s
ornith-1.5-35b-a3b-rocmfp4-strix-lean 37/266 gsm8k OK elapsed=127s
ornith-1.5-35b-a3b-rocmfp4-strix-lean 38/266 gsm8k OK elapsed=129s
ornith-1.5-35b-a3b-rocmfp4-strix-lean 39/266 gsm8k FAIL elapsed=138s
ornith-1.5-35b-a3b-rocmfp4-strix-lean 40/266 gsm8k OK elapsed=140s
ornith-1.5-35b-a3b-rocmfp4-strix-lean 41/266 gsm8k OK elapsed=143s
ornith-1.5-35b-a3b-rocmfp4-strix-lean 42/266 gsm8k OK elapsed=146s
ornith-1.5-35b-a3b-rocmfp4-strix-lean 43/266 gsm8k OK elapsed=152s
ornith-1.5-35b-a3b-rocmfp4-strix-lean 44/266 gsm8k OK elapsed=155s
ornith-1.5-35b-a3b-rocmfp4-strix-lean 45/266 gsm8k OK elapsed=158s
ornith-1.5-35b-a3b-rocmfp4-strix-lean 46/266 gsm8k OK elapsed=161s
ornith-1.5-35b-a3b-rocmfp4-strix-lean 47/266 gsm8k OK elapsed=165s
ornith-1.5-35b-a3b-rocmfp4-strix-lean 48/266 gsm8k FAIL elapsed=180s
ornith-1.5-35b-a3b-rocmfp4-strix-lean 49/266 gsm8k OK elapsed=182s
ornith-1.5-35b-a3b-rocmfp4-strix-lean 50/266 gsm8k OK elapsed=184s
ornith-1.5-35b-a3b-rocmfp4-strix-lean 51/266 gsm8k OK elapsed=189s
ornith-1.5-35b-a3b-rocmfp4-strix-lean 52/266 gsm8k OK elapsed=191s
ornith-1.5-35b-a3b-rocmfp4-strix-lean 53/266 gsm8k OK elapsed=194s
ornith-1.5-35b-a3b-rocmfp4-strix-lean 54/266 gsm8k OK elapsed=199s
ornith-1.5-35b-a3b-rocmfp4-strix-lean 55/266 gsm8k OK elapsed=202s
ornith-1.5-35b-a3b-rocmfp4-strix-lean 56/266 gsm8k OK elapsed=206s
ornith-1.5-35b-a3b-rocmfp4-strix-lean 57/266 gsm8k OK elapsed=208s
ornith-1.5-35b-a3b-rocmfp4-strix-lean 58/266 gsm8k OK elapsed=210s
ornith-1.5-35b-a3b-rocmfp4-strix-lean 59/266 gsm8k FAIL elapsed=225s
ornith-1.5-35b-a3b-rocmfp4-strix-lean 60/266 gsm8k OK elapsed=227s
ornith-1.5-35b-a3b-rocmfp4-strix-lean 61/266 gsm8k OK elapsed=235s
ornith-1.5-35b-a3b-rocmfp4-strix-lean 62/266 gsm8k OK elapsed=238s
ornith-1.5-35b-a3b-rocmfp4-strix-lean 63/266 gsm8k OK elapsed=243s
ornith-1.5-35b-a3b-rocmfp4-strix-lean 64/266 gsm8k OK elapsed=246s
ornith-1.5-35b-a3b-rocmfp4-strix-lean 65/266 gsm8k OK elapsed=250s
ornith-1.5-35b-a3b-rocmfp4-strix-lean 66/266 gsm8k OK elapsed=252s
ornith-1.5-35b-a3b-rocmfp4-strix-lean 67/266 gsm8k OK elapsed=260s
ornith-1.5-35b-a3b-rocmfp4-strix-lean 68/266 gsm8k OK elapsed=264s
ornith-1.5-35b-a3b-rocmfp4-strix-lean 69/266 gsm8k OK elapsed=266s
ornith-1.5-35b-a3b-rocmfp4-strix-lean 70/266 gsm8k OK elapsed=269s
ornith-1.5-35b-a3b-rocmfp4-strix-lean 71/266 gsm8k OK elapsed=272s
ornith-1.5-35b-a3b-rocmfp4-strix-lean 72/266 gsm8k OK elapsed=279s
ornith-1.5-35b-a3b-rocmfp4-strix-lean 73/266 gsm8k OK elapsed=283s
ornith-1.5-35b-a3b-rocmfp4-strix-lean 74/266 gsm8k OK elapsed=285s
ornith-1.5-35b-a3b-rocmfp4-strix-lean 75/266 gsm8k OK elapsed=293s
ornith-1.5-35b-a3b-rocmfp4-strix-lean 76/266 gsm8k OK elapsed=296s
ornith-1.5-35b-a3b-rocmfp4-strix-lean 77/266 gsm8k OK elapsed=299s
ornith-1.5-35b-a3b-rocmfp4-strix-lean 78/266 gsm8k OK elapsed=302s
ornith-1.5-35b-a3b-rocmfp4-strix-lean 79/266 gsm8k OK elapsed=307s
ornith-1.5-35b-a3b-rocmfp4-strix-lean 80/266 gsm8k OK elapsed=310s
ornith-1.5-35b-a3b-rocmfp4-strix-lean 81/266 gsm8k OK elapsed=314s
ornith-1.5-35b-a3b-rocmfp4-strix-lean 82/266 gsm8k OK elapsed=317s
ornith-1.5-35b-a3b-rocmfp4-strix-lean 83/266 gsm8k OK elapsed=320s
ornith-1.5-35b-a3b-rocmfp4-strix-lean 84/266 gsm8k OK elapsed=324s
ornith-1.5-35b-a3b-rocmfp4-strix-lean 85/266 gsm8k OK elapsed=331s
ornith-1.5-35b-a3b-rocmfp4-strix-lean 86/266 gsm8k OK elapsed=340s
ornith-1.5-35b-a3b-rocmfp4-strix-lean 87/266 gsm8k OK elapsed=345s
ornith-1.5-35b-a3b-rocmfp4-strix-lean 88/266 gsm8k OK elapsed=349s
ornith-1.5-35b-a3b-rocmfp4-strix-lean 89/266 gsm8k OK elapsed=352s
ornith-1.5-35b-a3b-rocmfp4-strix-lean 90/266 gsm8k OK elapsed=354s
ornith-1.5-35b-a3b-rocmfp4-strix-lean 91/266 gsm8k OK elapsed=356s
ornith-1.5-35b-a3b-rocmfp4-strix-lean 92/266 gsm8k FAIL elapsed=367s
ornith-1.5-35b-a3b-rocmfp4-strix-lean 93/266 gsm8k OK elapsed=369s
ornith-1.5-35b-a3b-rocmfp4-strix-lean 94/266 gsm8k OK elapsed=373s
ornith-1.5-35b-a3b-rocmfp4-strix-lean 95/266 gsm8k OK elapsed=375s
ornith-1.5-35b-a3b-rocmfp4-strix-lean 96/266 gsm8k OK elapsed=377s
ornith-1.5-35b-a3b-rocmfp4-strix-lean 97/266 gsm8k OK elapsed=381s
ornith-1.5-35b-a3b-rocmfp4-strix-lean 98/266 gsm8k OK elapsed=385s
ornith-1.5-35b-a3b-rocmfp4-strix-lean 99/266 gsm8k OK elapsed=387s
ornith-1.5-35b-a3b-rocmfp4-strix-lean 100/266 gsm8k OK elapsed=392s
ornith-1.5-35b-a3b-rocmfp4-strix-lean 101/266 arc_challenge OK elapsed=396s
ornith-1.5-35b-a3b-rocmfp4-strix-lean 102/266 arc_challenge OK elapsed=401s
ornith-1.5-35b-a3b-rocmfp4-strix-lean 103/266 arc_challenge OK elapsed=404s
ornith-1.5-35b-a3b-rocmfp4-strix-lean 104/266 arc_challenge OK elapsed=407s
ornith-1.5-35b-a3b-rocmfp4-strix-lean 105/266 arc_challenge OK elapsed=409s
ornith-1.5-35b-a3b-rocmfp4-strix-lean 106/266 arc_challenge OK elapsed=412s
ornith-1.5-35b-a3b-rocmfp4-strix-lean 107/266 arc_challenge OK elapsed=414s
ornith-1.5-35b-a3b-rocmfp4-strix-lean 108/266 arc_challenge OK elapsed=420s
ornith-1.5-35b-a3b-rocmfp4-strix-lean 109/266 arc_challenge OK elapsed=422s
ornith-1.5-35b-a3b-rocmfp4-strix-lean 110/266 arc_challenge OK elapsed=423s
ornith-1.5-35b-a3b-rocmfp4-strix-lean 111/266 arc_challenge OK elapsed=429s
ornith-1.5-35b-a3b-rocmfp4-strix-lean 112/266 arc_challenge OK elapsed=430s
ornith-1.5-35b-a3b-rocmfp4-strix-lean 113/266 arc_challenge OK elapsed=435s
ornith-1.5-35b-a3b-rocmfp4-strix-lean 114/266 arc_challenge OK elapsed=438s
ornith-1.5-35b-a3b-rocmfp4-strix-lean 115/266 arc_challenge OK elapsed=441s
ornith-1.5-35b-a3b-rocmfp4-strix-lean 116/266 arc_challenge OK elapsed=443s
ornith-1.5-35b-a3b-rocmfp4-strix-lean 117/266 arc_challenge OK elapsed=446s
ornith-1.5-35b-a3b-rocmfp4-strix-lean 118/266 arc_challenge OK elapsed=448s
ornith-1.5-35b-a3b-rocmfp4-strix-lean 119/266 arc_challenge OK elapsed=452s
ornith-1.5-35b-a3b-rocmfp4-strix-lean 120/266 arc_challenge OK elapsed=454s
ornith-1.5-35b-a3b-rocmfp4-strix-lean 121/266 arc_challenge OK elapsed=458s
ornith-1.5-35b-a3b-rocmfp4-strix-lean 122/266 arc_challenge OK elapsed=461s
ornith-1.5-35b-a3b-rocmfp4-strix-lean 123/266 arc_challenge OK elapsed=464s
ornith-1.5-35b-a3b-rocmfp4-strix-lean 124/266 arc_challenge OK elapsed=466s
ornith-1.5-35b-a3b-rocmfp4-strix-lean 125/266 arc_challenge OK elapsed=470s
ornith-1.5-35b-a3b-rocmfp4-strix-lean 126/266 arc_challenge OK elapsed=476s
ornith-1.5-35b-a3b-rocmfp4-strix-lean 127/266 arc_challenge OK elapsed=480s
ornith-1.5-35b-a3b-rocmfp4-strix-lean 128/266 arc_challenge OK elapsed=481s
ornith-1.5-35b-a3b-rocmfp4-strix-lean 129/266 arc_challenge OK elapsed=483s
ornith-1.5-35b-a3b-rocmfp4-strix-lean 130/266 arc_challenge FAIL elapsed=488s
ornith-1.5-35b-a3b-rocmfp4-strix-lean 131/266 arc_challenge FAIL elapsed=490s
ornith-1.5-35b-a3b-rocmfp4-strix-lean 132/266 arc_challenge OK elapsed=492s
ornith-1.5-35b-a3b-rocmfp4-strix-lean 133/266 arc_challenge OK elapsed=494s
ornith-1.5-35b-a3b-rocmfp4-strix-lean 134/266 arc_challenge OK elapsed=498s
ornith-1.5-35b-a3b-rocmfp4-strix-lean 135/266 arc_challenge OK elapsed=499s
ornith-1.5-35b-a3b-rocmfp4-strix-lean 136/266 arc_challenge OK elapsed=501s
ornith-1.5-35b-a3b-rocmfp4-strix-lean 137/266 arc_challenge OK elapsed=506s
ornith-1.5-35b-a3b-rocmfp4-strix-lean 138/266 arc_challenge OK elapsed=512s
ornith-1.5-35b-a3b-rocmfp4-strix-lean 139/266 arc_challenge OK elapsed=515s
ornith-1.5-35b-a3b-rocmfp4-strix-lean 140/266 arc_challenge OK elapsed=517s
ornith-1.5-35b-a3b-rocmfp4-strix-lean 141/266 arc_challenge OK elapsed=520s
ornith-1.5-35b-a3b-rocmfp4-strix-lean 142/266 arc_challenge OK elapsed=523s
ornith-1.5-35b-a3b-rocmfp4-strix-lean 143/266 arc_challenge OK elapsed=524s
ornith-1.5-35b-a3b-rocmfp4-strix-lean 144/266 arc_challenge OK elapsed=526s
ornith-1.5-35b-a3b-rocmfp4-strix-lean 145/266 arc_challenge OK elapsed=528s
ornith-1.5-35b-a3b-rocmfp4-strix-lean 146/266 arc_challenge OK elapsed=531s
ornith-1.5-35b-a3b-rocmfp4-strix-lean 147/266 arc_challenge OK elapsed=533s
ornith-1.5-35b-a3b-rocmfp4-strix-lean 148/266 arc_challenge OK elapsed=537s
ornith-1.5-35b-a3b-rocmfp4-strix-lean 149/266 arc_challenge OK elapsed=538s
ornith-1.5-35b-a3b-rocmfp4-strix-lean 150/266 arc_challenge OK elapsed=539s
ornith-1.5-35b-a3b-rocmfp4-strix-lean 151/266 arc_challenge OK elapsed=540s
ornith-1.5-35b-a3b-rocmfp4-strix-lean 152/266 arc_challenge OK elapsed=541s
ornith-1.5-35b-a3b-rocmfp4-strix-lean 153/266 arc_challenge OK elapsed=544s
ornith-1.5-35b-a3b-rocmfp4-strix-lean 154/266 arc_challenge OK elapsed=546s
ornith-1.5-35b-a3b-rocmfp4-strix-lean 155/266 arc_challenge OK elapsed=550s
ornith-1.5-35b-a3b-rocmfp4-strix-lean 156/266 arc_challenge OK elapsed=555s
ornith-1.5-35b-a3b-rocmfp4-strix-lean 157/266 arc_challenge OK elapsed=559s
ornith-1.5-35b-a3b-rocmfp4-strix-lean 158/266 arc_challenge OK elapsed=564s
ornith-1.5-35b-a3b-rocmfp4-strix-lean 159/266 arc_challenge OK elapsed=566s
ornith-1.5-35b-a3b-rocmfp4-strix-lean 160/266 arc_challenge OK elapsed=569s
ornith-1.5-35b-a3b-rocmfp4-strix-lean 161/266 arc_challenge OK elapsed=571s
ornith-1.5-35b-a3b-rocmfp4-strix-lean 162/266 arc_challenge OK elapsed=573s
ornith-1.5-35b-a3b-rocmfp4-strix-lean 163/266 arc_challenge OK elapsed=577s
ornith-1.5-35b-a3b-rocmfp4-strix-lean 164/266 arc_challenge OK elapsed=583s
ornith-1.5-35b-a3b-rocmfp4-strix-lean 165/266 arc_challenge OK elapsed=585s
ornith-1.5-35b-a3b-rocmfp4-strix-lean 166/266 arc_challenge OK elapsed=588s
ornith-1.5-35b-a3b-rocmfp4-strix-lean 167/266 arc_challenge OK elapsed=590s
ornith-1.5-35b-a3b-rocmfp4-strix-lean 168/266 arc_challenge OK elapsed=594s
ornith-1.5-35b-a3b-rocmfp4-strix-lean 169/266 arc_challenge OK elapsed=596s
ornith-1.5-35b-a3b-rocmfp4-strix-lean 170/266 arc_challenge OK elapsed=600s
ornith-1.5-35b-a3b-rocmfp4-strix-lean 171/266 arc_challenge OK elapsed=602s
ornith-1.5-35b-a3b-rocmfp4-strix-lean 172/266 arc_challenge OK elapsed=604s
ornith-1.5-35b-a3b-rocmfp4-strix-lean 173/266 arc_challenge OK elapsed=608s
ornith-1.5-35b-a3b-rocmfp4-strix-lean 174/266 arc_challenge OK elapsed=617s
ornith-1.5-35b-a3b-rocmfp4-strix-lean 175/266 arc_challenge OK elapsed=623s
ornith-1.5-35b-a3b-rocmfp4-strix-lean 176/266 arc_challenge OK elapsed=624s
ornith-1.5-35b-a3b-rocmfp4-strix-lean 177/266 arc_challenge OK elapsed=629s
ornith-1.5-35b-a3b-rocmfp4-strix-lean 178/266 arc_challenge OK elapsed=634s
ornith-1.5-35b-a3b-rocmfp4-strix-lean 179/266 arc_challenge OK elapsed=636s
ornith-1.5-35b-a3b-rocmfp4-strix-lean 180/266 arc_challenge OK elapsed=639s
ornith-1.5-35b-a3b-rocmfp4-strix-lean 181/266 arc_challenge OK elapsed=643s
ornith-1.5-35b-a3b-rocmfp4-strix-lean 182/266 arc_challenge OK elapsed=647s
ornith-1.5-35b-a3b-rocmfp4-strix-lean 183/266 arc_challenge OK elapsed=650s
ornith-1.5-35b-a3b-rocmfp4-strix-lean 184/266 arc_challenge OK elapsed=657s
ornith-1.5-35b-a3b-rocmfp4-strix-lean 185/266 arc_challenge OK elapsed=666s
ornith-1.5-35b-a3b-rocmfp4-strix-lean 186/266 arc_challenge OK elapsed=668s
ornith-1.5-35b-a3b-rocmfp4-strix-lean 187/266 arc_challenge OK elapsed=673s
ornith-1.5-35b-a3b-rocmfp4-strix-lean 188/266 arc_challenge OK elapsed=677s
ornith-1.5-35b-a3b-rocmfp4-strix-lean 189/266 arc_challenge OK elapsed=687s
ornith-1.5-35b-a3b-rocmfp4-strix-lean 190/266 arc_challenge OK elapsed=690s
ornith-1.5-35b-a3b-rocmfp4-strix-lean 191/266 arc_challenge OK elapsed=691s
ornith-1.5-35b-a3b-rocmfp4-strix-lean 192/266 arc_challenge OK elapsed=694s
ornith-1.5-35b-a3b-rocmfp4-strix-lean 193/266 arc_challenge OK elapsed=698s
ornith-1.5-35b-a3b-rocmfp4-strix-lean 194/266 arc_challenge OK elapsed=700s
ornith-1.5-35b-a3b-rocmfp4-strix-lean 195/266 arc_challenge OK elapsed=704s
ornith-1.5-35b-a3b-rocmfp4-strix-lean 196/266 arc_challenge OK elapsed=705s
ornith-1.5-35b-a3b-rocmfp4-strix-lean 197/266 arc_challenge OK elapsed=706s
ornith-1.5-35b-a3b-rocmfp4-strix-lean 198/266 arc_challenge OK elapsed=708s
ornith-1.5-35b-a3b-rocmfp4-strix-lean 199/266 arc_challenge FAIL elapsed=719s
ornith-1.5-35b-a3b-rocmfp4-strix-lean 200/266 arc_challenge OK elapsed=723s
ornith-1.5-35b-a3b-rocmfp4-strix-lean 201/266 mmlu OK elapsed=730s
ornith-1.5-35b-a3b-rocmfp4-strix-lean 202/266 mmlu OK elapsed=736s
ornith-1.5-35b-a3b-rocmfp4-strix-lean 203/266 mmlu OK elapsed=741s
ornith-1.5-35b-a3b-rocmfp4-strix-lean 204/266 mmlu OK elapsed=746s
ornith-1.5-35b-a3b-rocmfp4-strix-lean 205/266 mmlu FAIL elapsed=758s
ornith-1.5-35b-a3b-rocmfp4-strix-lean 206/266 mmlu OK elapsed=764s
ornith-1.5-35b-a3b-rocmfp4-strix-lean 207/266 mmlu FAIL elapsed=776s
ornith-1.5-35b-a3b-rocmfp4-strix-lean 208/266 mmlu FAIL elapsed=787s
ornith-1.5-35b-a3b-rocmfp4-strix-lean 209/266 mmlu OK elapsed=797s
ornith-1.5-35b-a3b-rocmfp4-strix-lean 210/266 mmlu OK elapsed=803s
ornith-1.5-35b-a3b-rocmfp4-strix-lean 211/266 mmlu OK elapsed=808s
ornith-1.5-35b-a3b-rocmfp4-strix-lean 212/266 mmlu FAIL elapsed=819s
ornith-1.5-35b-a3b-rocmfp4-strix-lean 213/266 mmlu FAIL elapsed=830s
ornith-1.5-35b-a3b-rocmfp4-strix-lean 214/266 mmlu OK elapsed=833s
ornith-1.5-35b-a3b-rocmfp4-strix-lean 215/266 mmlu OK elapsed=839s
ornith-1.5-35b-a3b-rocmfp4-strix-lean 216/266 mmlu OK elapsed=848s
ornith-1.5-35b-a3b-rocmfp4-strix-lean 217/266 mmlu FAIL elapsed=859s
ornith-1.5-35b-a3b-rocmfp4-strix-lean 218/266 mmlu OK elapsed=862s
ornith-1.5-35b-a3b-rocmfp4-strix-lean 219/266 mmlu OK elapsed=867s
ornith-1.5-35b-a3b-rocmfp4-strix-lean 220/266 mmlu OK elapsed=878s
ornith-1.5-35b-a3b-rocmfp4-strix-lean 221/266 mmlu OK elapsed=883s
ornith-1.5-35b-a3b-rocmfp4-strix-lean 222/266 mmlu OK elapsed=886s
ornith-1.5-35b-a3b-rocmfp4-strix-lean 223/266 mmlu OK elapsed=894s
ornith-1.5-35b-a3b-rocmfp4-strix-lean 224/266 mmlu FAIL elapsed=905s
ornith-1.5-35b-a3b-rocmfp4-strix-lean 225/266 mmlu OK elapsed=911s
ornith-1.5-35b-a3b-rocmfp4-strix-lean 226/266 mmlu OK elapsed=921s
ornith-1.5-35b-a3b-rocmfp4-strix-lean 227/266 mmlu OK elapsed=925s
ornith-1.5-35b-a3b-rocmfp4-strix-lean 228/266 mmlu FAIL elapsed=933s
ornith-1.5-35b-a3b-rocmfp4-strix-lean 229/266 mmlu OK elapsed=937s
ornith-1.5-35b-a3b-rocmfp4-strix-lean 230/266 mmlu OK elapsed=940s
ornith-1.5-35b-a3b-rocmfp4-strix-lean 231/266 mmlu OK elapsed=951s
ornith-1.5-35b-a3b-rocmfp4-strix-lean 232/266 mmlu OK elapsed=962s
ornith-1.5-35b-a3b-rocmfp4-strix-lean 233/266 mmlu OK elapsed=972s
ornith-1.5-35b-a3b-rocmfp4-strix-lean 234/266 mmlu OK elapsed=981s
ornith-1.5-35b-a3b-rocmfp4-strix-lean 235/266 mmlu FAIL elapsed=992s
ornith-1.5-35b-a3b-rocmfp4-strix-lean 236/266 mmlu FAIL elapsed=1003s
ornith-1.5-35b-a3b-rocmfp4-strix-lean 237/266 mmlu FAIL elapsed=1014s
ornith-1.5-35b-a3b-rocmfp4-strix-lean 238/266 mmlu OK elapsed=1019s
ornith-1.5-35b-a3b-rocmfp4-strix-lean 239/266 mmlu OK elapsed=1027s
ornith-1.5-35b-a3b-rocmfp4-strix-lean 240/266 mmlu OK elapsed=1036s
ornith-1.5-35b-a3b-rocmfp4-strix-lean 241/266 mmlu OK elapsed=1042s
ornith-1.5-35b-a3b-rocmfp4-strix-lean 242/266 mmlu OK elapsed=1051s
ornith-1.5-35b-a3b-rocmfp4-strix-lean 243/266 mmlu OK elapsed=1055s
ornith-1.5-35b-a3b-rocmfp4-strix-lean 244/266 mmlu OK elapsed=1058s
ornith-1.5-35b-a3b-rocmfp4-strix-lean 245/266 mmlu OK elapsed=1062s
ornith-1.5-35b-a3b-rocmfp4-strix-lean 246/266 mmlu OK elapsed=1067s
ornith-1.5-35b-a3b-rocmfp4-strix-lean 247/266 mmlu OK elapsed=1072s
ornith-1.5-35b-a3b-rocmfp4-strix-lean 248/266 mmlu OK elapsed=1079s
ornith-1.5-35b-a3b-rocmfp4-strix-lean 249/266 mmlu OK elapsed=1084s
ornith-1.5-35b-a3b-rocmfp4-strix-lean 250/266 mmlu OK elapsed=1086s
ornith-1.5-35b-a3b-rocmfp4-strix-lean 251/266 instruction_json OK elapsed=1088s
ornith-1.5-35b-a3b-rocmfp4-strix-lean 252/266 instruction_json OK elapsed=1090s
ornith-1.5-35b-a3b-rocmfp4-strix-lean 253/266 instruction_json OK elapsed=1092s
ornith-1.5-35b-a3b-rocmfp4-strix-lean 254/266 instruction_json OK elapsed=1094s
ornith-1.5-35b-a3b-rocmfp4-strix-lean 255/266 instruction_json OK elapsed=1097s
ornith-1.5-35b-a3b-rocmfp4-strix-lean 256/266 instruction_json OK elapsed=1099s
ornith-1.5-35b-a3b-rocmfp4-strix-lean 257/266 instruction_json OK elapsed=1101s
ornith-1.5-35b-a3b-rocmfp4-strix-lean 258/266 instruction_json OK elapsed=1103s
ornith-1.5-35b-a3b-rocmfp4-strix-lean 259/266 instruction_json OK elapsed=1104s
ornith-1.5-35b-a3b-rocmfp4-strix-lean 260/266 instruction_json OK elapsed=1105s
ornith-1.5-35b-a3b-rocmfp4-strix-lean 261/266 instruction_json OK elapsed=1108s
ornith-1.5-35b-a3b-rocmfp4-strix-lean 262/266 instruction_json OK elapsed=1109s
ornith-1.5-35b-a3b-rocmfp4-strix-lean 263/266 long_context_16k FAIL elapsed=1136s
ornith-1.5-35b-a3b-rocmfp4-strix-lean 264/266 long_context_64k FAIL elapsed=1237s
ornith-1.5-35b-a3b-rocmfp4-strix-lean 265/266 long_context_128k FAIL elapsed=1539s
ornith-1.5-35b-a3b-rocmfp4-strix-lean 266/266 long_context_180k FAIL elapsed=2079s
{"total": 266, "correct": 241, "by_category": {"arc_challenge": {"total": 100, "correct": 97, "accuracy": 0.97, "errors": 0, "scored": 100, "accuracy_excluding_errors": 0.97, "truncated": 1, "median_prefill_tps": 396.7841644452051, "median_decode_tps": 70.76110853935737, "median_elapsed_seconds": 2.8665221625124104}, "gsm8k": {"total": 100, "correct": 93, "accuracy": 0.93, "errors": 0, "scored": 100, "accuracy_excluding_errors": 0.93, "truncated": 2, "median_prefill_tps": 417.1151677491812, "median_decode_tps": 70.91372469274756, "median_elapsed_seconds": 3.2069975420017727}, "instruction_json": {"total": 12, "correct": 12, "accuracy": 1.0, "errors": 0, "scored": 12, "accuracy_excluding_errors": 1.0, "truncated": 0, "median_prefill_tps": 333.91045216455024, "median_decode_tps": 70.24552606562634, "median_elapsed_seconds": 1.742223801513319}, "long_context_128k": {"total": 1, "correct": 0, "accuracy": 0.0, "errors": 0, "scored": 1, "accuracy_excluding_errors": 0.0, "truncated": 0, "median_prefill_tps": 437.02422166106555, "median_decode_tps": 27.140320546033095, "median_elapsed_seconds": 302.0390989849984}, "long_context_16k": {"total": 1, "correct": 0, "accuracy": 0.0, "errors": 0, "scored": 1, "accuracy_excluding_errors": 0.0, "truncated": 1, "median_prefill_tps": 1095.0484834535291, "median_decode_tps": 63.70973743946329, "median_elapsed_seconds": 26.953363434993662}, "long_context_180k": {"total": 1, "correct": 0, "accuracy": 0.0, "errors": 0, "scored": 1, "accuracy_excluding_errors": 0.0, "truncated": 0, "median_prefill_tps": 342.3005910431788, "median_decode_tps": 20.38772694553605, "median_elapsed_seconds": 539.5090704219765}, "long_context_64k": {"total": 1, "correct": 0, "accuracy": 0.0, "errors": 0, "scored": 1, "accuracy_excluding_errors": 0.0, "truncated": 0, "median_prefill_tps": 669.0003793173413, "median_decode_tps": 42.74162387671684, "median_elapsed_seconds": 101.69571775599616}, "mmlu": {"total": 50, "correct": 39, "accuracy": 0.78, "errors": 0, "scored": 50, "accuracy_excluding_errors": 0.78, "truncated": 10, "median_prefill_tps": 582.5578476976775, "median_decode_tps": 70.58636988016374, "median_elapsed_seconds": 6.6596164615039015}}, "accuracy": 0.9060150375939849, "errors": 0, "scored": 266, "accuracy_excluding_errors": 0.9060150375939849, "truncated": 14, "answer_empty": 8, "wrong_and_truncated": 14, "wrong_and_complete": 11, "median_prefill_tps": 410.29238061549177, "median_decode_tps": 70.73997961760708, "model": "ornith-1.5-35b-a3b-strix-lean", "label": "ornith-1.5-35b-a3b-rocmfp4-strix-lean", "elapsed_seconds": 2078.9662744720117, "run_identity": {"schema_version": 1, "profile": "expanded", "fixtures_sha256": "a1af6fbf99a8c88dc4b3ffc4762f448f44f113bf9101fd8a996c69725956d864", "selection_sha256": "a1af6fbf99a8c88dc4b3ffc4762f448f44f113bf9101fd8a996c69725956d864", "case_ids": ["gsm8k_000", "gsm8k_001", "gsm8k_002", "gsm8k_003", "gsm8k_004", "gsm8k_005", "gsm8k_006", "gsm8k_007", "gsm8k_008", "gsm8k_009", "gsm8k_010", "gsm8k_011", "gsm8k_012", "gsm8k_013", "gsm8k_014", "gsm8k_015", "gsm8k_016", "gsm8k_017", "gsm8k_018", "gsm8k_019", "gsm8k_020", "gsm8k_021", "gsm8k_022", "gsm8k_023", "gsm8k_024", "gsm8k_025", "gsm8k_026", "gsm8k_027", "gsm8k_028", "gsm8k_029", "gsm8k_030", "gsm8k_031", "gsm8k_032", "gsm8k_033", "gsm8k_034", "gsm8k_035", "gsm8k_036", "gsm8k_037", "gsm8k_038", "gsm8k_039", "gsm8k_040", "gsm8k_041", "gsm8k_042", "gsm8k_043", "gsm8k_044", "gsm8k_045", "gsm8k_046", "gsm8k_047", "gsm8k_048", "gsm8k_049", "gsm8k_050", "gsm8k_051", "gsm8k_052", "gsm8k_053", "gsm8k_054", "gsm8k_055", "gsm8k_056", "gsm8k_057", "gsm8k_058", "gsm8k_059", "gsm8k_060", "gsm8k_061", "gsm8k_062", "gsm8k_063", "gsm8k_064", "gsm8k_065", "gsm8k_066", "gsm8k_067", "gsm8k_068", "gsm8k_069", "gsm8k_070", "gsm8k_071", "gsm8k_072", "gsm8k_073", "gsm8k_074", "gsm8k_075", "gsm8k_076", "gsm8k_077", "gsm8k_078", "gsm8k_079", "gsm8k_080", "gsm8k_081", "gsm8k_082", "gsm8k_083", "gsm8k_084", "gsm8k_085", "gsm8k_086", "gsm8k_087", "gsm8k_088", "gsm8k_089", "gsm8k_090", "gsm8k_091", "gsm8k_092", "gsm8k_093", "gsm8k_094", "gsm8k_095", "gsm8k_096", "gsm8k_097", "gsm8k_098", "gsm8k_099", "arc_000", "arc_001", "arc_002", "arc_003", "arc_004", "arc_005", "arc_006", "arc_007", "arc_008", "arc_009", "arc_010", "arc_011", "arc_012", "arc_013", "arc_014", "arc_015", "arc_016", "arc_017", "arc_018", "arc_019", "arc_020", "arc_021", "arc_022", "arc_023", "arc_024", "arc_025", "arc_026", "arc_027", "arc_028", "arc_029", "arc_030", "arc_031", "arc_032", "arc_033", "arc_034", "arc_035", "arc_036", "arc_037", "arc_038", "arc_039", "arc_040", "arc_041", "arc_042", "arc_043", "arc_044", "arc_045", "arc_046", "arc_047", "arc_048", "arc_049", "arc_050", "arc_051", "arc_052", "arc_053", "arc_054", "arc_055", "arc_056", "arc_057", "arc_058", "arc_059", "arc_060", "arc_061", "arc_062", "arc_063", "arc_064", "arc_065", "arc_066", "arc_067", "arc_068", "arc_069", "arc_070", "arc_071", "arc_072", "arc_073", "arc_074", "arc_075", "arc_076", "arc_077", "arc_078", "arc_079", "arc_080", "arc_081", "arc_082", "arc_083", "arc_084", "arc_085", "arc_086", "arc_087", "arc_088", "arc_089", "arc_090", "arc_091", "arc_092", "arc_093", "arc_094", "arc_095", "arc_096", "arc_097", "arc_098", "arc_099", "mmlu_college_computer_science_00", "mmlu_college_computer_science_01", "mmlu_college_computer_science_02", "mmlu_college_computer_science_03", "mmlu_college_computer_science_04", "mmlu_college_computer_science_05", "mmlu_college_computer_science_06", "mmlu_college_computer_science_07", "mmlu_college_computer_science_08", "mmlu_college_computer_science_09", "mmlu_high_school_mathematics_00", "mmlu_high_school_mathematics_01", "mmlu_high_school_mathematics_02", "mmlu_high_school_mathematics_03", "mmlu_high_school_mathematics_04", "mmlu_high_school_mathematics_05", "mmlu_high_school_mathematics_06", "mmlu_high_school_mathematics_07", "mmlu_high_school_mathematics_08", "mmlu_high_school_mathematics_09", "mmlu_logical_fallacies_00", "mmlu_logical_fallacies_01", "mmlu_logical_fallacies_02", "mmlu_logical_fallacies_03", "mmlu_logical_fallacies_04", "mmlu_logical_fallacies_05", "mmlu_logical_fallacies_06", "mmlu_logical_fallacies_07", "mmlu_logical_fallacies_08", "mmlu_logical_fallacies_09", "mmlu_professional_medicine_00", "mmlu_professional_medicine_01", "mmlu_professional_medicine_02", "mmlu_professional_medicine_03", "mmlu_professional_medicine_04", "mmlu_professional_medicine_05", "mmlu_professional_medicine_06", "mmlu_professional_medicine_07", "mmlu_professional_medicine_08", "mmlu_professional_medicine_09", "mmlu_high_school_world_history_00", "mmlu_high_school_world_history_01", "mmlu_high_school_world_history_02", "mmlu_high_school_world_history_03", "mmlu_high_school_world_history_04", "mmlu_high_school_world_history_05", "mmlu_high_school_world_history_06", "mmlu_high_school_world_history_07", "mmlu_high_school_world_history_08", "mmlu_high_school_world_history_09", "if_01", "if_02", "if_03", "if_04", "if_05", "if_06", "if_07", "if_08", "if_09", "if_10", "if_11", "if_12", "needle_16k", "needle_64k", "needle_128k", "needle_180k"], "request_options": {"temperature": 0, "top_p": 1, "seed": 20260926, "reasoning_effort": "medium", "concurrency": 1, "system_sha256": "0dbe0ad3e7e2fc9d01082ca5096345546a0074157d071e07b07aa8fb012d1563"}}}
